/Users/hyeon/projects/labor-compliance/.venv/lib/python3.9/site-packages/urllib3/__init__.py:35: NotOpenSSLWarning: urllib3 v2 only supports OpenSSL 1.1.1+, currently the 'ssl' module is compiled with 'LibreSSL 2.8.3'. See: https://github.com/urllib3/urllib3/issues/3020
  warnings.warn(
조문 493개, 질의 24건. BGE-M3 로드 중...

=== 전문 임베딩 ===
/Users/hyeon/projects/labor-compliance/measure_embed.py:43: RuntimeWarning: divide by zero encountered in matmul
  order = (qv[i] @ av.T).argsort()[::-1][:N]
/Users/hyeon/projects/labor-compliance/measure_embed.py:43: RuntimeWarning: overflow encountered in matmul
  order = (qv[i] @ av.T).argsort()[::-1][:N]
/Users/hyeon/projects/labor-compliance/measure_embed.py:43: RuntimeWarning: invalid value encountered in matmul
  order = (qv[i] @ av.T).argsort()[::-1][:N]
 1 직원 4명인데 연차 줘야 하나요                1위  1순위:근로기준법 제60조 연차 유급휴가               ← 근로기준법 제60조
 2 알바 3명인데 야근수당 1.5배 줘야 돼요?         1위  1순위:근로기준법 제56조 연장ㆍ야간 및 휴일 근로         ← 근로기준법 제56조
 3 직원 두 명인데 그만두라고 해도 되나요            5위  1순위:근로기준법 제24조 경영상 이유에 의한 해고의 제한     ← 근로기준법 제23조
 4 우리 가게 몇 명부터 근로기준법 다 적용돼요         1위  1순위:근로기준법 제11조 적용 범위                 ← 근로기준법 제11조
 5 소규모 사업장도 주 52시간 지켜야 하나요          7위  1순위:근로기준법 제51조 3개월 이내의 탄력적 근로시간제     ← 근로기준법 제50조
 6 알바한테 주휴수당 안 줘도 되나요               7위  1순위:근로기준법 제46조 휴업수당                  ← 근로기준법 제55조
 7 시급 얼마 밑으로 주면 불법이에요               7위  1순위:최저임금법 제28조 벌칙                    ← 최저임금법 제6조
 8 알바 쓸 때 계약서 꼭 써야 하나요              2위  1순위:기간제 및 단시간근로자 보호 등에 관한 법률 제17조    ← 근로기준법 제17조
 9 알바 자르려면 며칠 전에 말해야 해요             1위  1순위:근로기준법 제26조 해고의 예고                ← 근로기준법 제26조
10 월급을 현금으로 줘도 되나요                  1위  1순위:근로기준법 제43조 임금 지급                 ← 근로기준법 제43조
11 8시간 일하면 쉬는시간 줘야 하나요              1위  1순위:근로기준법 제54조 휴게                    ← 근로기준법 제54조
12 1년 일한 알바 퇴직금 줘야 하나요              2위  1순위:근로자퇴직급여 보장법 제8조 퇴직금제도의 설정 등      ← 근로자퇴직급여 보장법 제4조
13 알바비 늦게 줘도 되나요                   17위  1순위:근로기준법 제70조 야간근로와 휴일근로의 제한        ← 근로기준법 제43조
14 그만둔 알바 월급 언제까지 줘야 해요             1위  1순위:근로기준법 제36조 금품 청산                 ← 근로기준법 제36조
15 지각하면 월급에서 까도 되나요                 -위  1순위:근로기준법 제37조 미지급 임금에 대한 지연이자       ← 근로기준법 제20조
16 그릇 깨면 알바비에서 빼도 되나요               -위  1순위:근로기준법 제19조 근로조건의 위반              ← 근로기준법 제20조
17 고등학생 알바 써도 되나요                   1위  1순위:근로기준법 제64조 최저 연령과 취직인허증          ← 근로기준법 제64조
18 미성년자 알바 밤 10시 넘어서 일 시켜도 되나요      1위  1순위:근로기준법 제70조 야간근로와 휴일근로의 제한        ← 근로기준법 제70조
19 알바생 명단 따로 적어놔야 하나요               1위  1순위:근로기준법 제41조 근로자의 명부               ← 근로기준법 제41조
20 급여 기록 얼마나 보관해야 해요                1위  1순위:근로기준법 제42조 계약 서류의 보존             ← 근로기준법 제42조
21 알바가 노동청에 신고하면 어떻게 되나요            1위  1순위:근로기준법 제104조 감독 기관에 대한 신고         ← 근로기준법 제104조
22 직장 내 괴롭힘 신고당했는데 어떻게 해야 하나요       1위  1순위:근로기준법 제76조의3 직장 내 괴롭힘 발생 시 조치    ← 근로기준법 제76조의3
23 임신한 직원 야간근무 시켜도 되나요              1위  1순위:근로기준법 제70조 야간근로와 휴일근로의 제한        ← 근로기준법 제70조
24 알바가 다쳤는데 산재 처리해야 하나요             -위  1순위:산업재해보상보험법 제75조의2 직장복귀 지원         ← 산업재해보상보험법 제6조
전문: hit@1 58%  hit@5 71%  hit@20 88%  실패 [15, 16, 24]

=== 제목 임베딩 ===
 1 직원 4명인데 연차 줘야 하나요                1위  1순위:근로기준법 제60조 연차 유급휴가               ← 근로기준법 제60조
 2 알바 3명인데 야근수당 1.5배 줘야 돼요?         7위  1순위:근로기준법 제85조 분할보상                  ← 근로기준법 제56조
 3 직원 두 명인데 그만두라고 해도 되나요           11위  1순위:산업재해보상보험법 제20조 임원의 해임            ← 근로기준법 제23조
 4 우리 가게 몇 명부터 근로기준법 다 적용돼요         3위  1순위:근로자퇴직급여 보장법 제25조 10명 미만을 사용하는    ← 근로기준법 제11조
 5 소규모 사업장도 주 52시간 지켜야 하나요          4위  1순위:근로기준법 제51조의2 3개월을 초과하는 탄력적 근로시   ← 근로기준법 제50조
 6 알바한테 주휴수당 안 줘도 되나요               1위  1순위:근로기준법 제55조 휴일                    ← 근로기준법 제55조
 7 시급 얼마 밑으로 주면 불법이에요               -위  1순위:근로기준법 제22조 강제 저금의 금지             ← 최저임금법 제6조
 8 알바 쓸 때 계약서 꼭 써야 하나요             11위  1순위:근로기준법 제42조 계약 서류의 보존             ← 근로기준법 제17조
 9 알바 자르려면 며칠 전에 말해야 해요             1위  1순위:근로기준법 제26조 해고의 예고                ← 근로기준법 제26조
10 월급을 현금으로 줘도 되나요                  1위  1순위:근로기준법 제43조 임금 지급                 ← 근로기준법 제43조
11 8시간 일하면 쉬는시간 줘야 하나요              2위  1순위:근로기준법 제8조 폭행의 금지                 ← 근로기준법 제54조
12 1년 일한 알바 퇴직금 줘야 하나요              -위  1순위:근로자퇴직급여 보장법 제1조 목적               ← 근로자퇴직급여 보장법 제4조
13 알바비 늦게 줘도 되나요                   19위  1순위:근로기준법 제37조 미지급 임금에 대한 지연이자       ← 근로기준법 제43조
14 그만둔 알바 월급 언제까지 줘야 해요             -위  1순위:근로기준법 제37조 미지급 임금에 대한 지연이자       ← 근로기준법 제36조
15 지각하면 월급에서 까도 되나요                 -위  1순위:근로기준법 제37조 미지급 임금에 대한 지연이자       ← 근로기준법 제20조
16 그릇 깨면 알바비에서 빼도 되나요               -위  1순위:근로기준법 제81조 휴업보상과 장해보상의 예외        ← 근로기준법 제20조
17 고등학생 알바 써도 되나요                   1위  1순위:근로기준법 제64조 최저 연령과 취직인허증          ← 근로기준법 제64조
18 미성년자 알바 밤 10시 넘어서 일 시켜도 되나요      1위  1순위:근로기준법 제70조 야간근로와 휴일근로의 제한        ← 근로기준법 제70조
19 알바생 명단 따로 적어놔야 하나요               5위  1순위:근로기준법 제93조 취업규칙의 작성ㆍ신고           ← 근로기준법 제41조
20 급여 기록 얼마나 보관해야 해요                1위  1순위:근로기준법 제42조 계약 서류의 보존             ← 근로기준법 제42조
21 알바가 노동청에 신고하면 어떻게 되나요            1위  1순위:근로기준법 제104조 감독 기관에 대한 신고         ← 근로기준법 제104조
22 직장 내 괴롭힘 신고당했는데 어떻게 해야 하나요       1위  1순위:근로기준법 제76조의3 직장 내 괴롭힘 발생 시 조치    ← 근로기준법 제76조의3
23 임신한 직원 야간근무 시켜도 되나요              1위  1순위:근로기준법 제70조 야간근로와 휴일근로의 제한        ← 근로기준법 제70조
24 알바가 다쳤는데 산재 처리해야 하나요            11위  1순위:산업재해보상보험법 제91조의18 노무제공자에 대한 업무   ← 산업재해보상보험법 제6조
제목: hit@1 42%  hit@5 58%  hit@20 79%  실패 [7, 12, 14, 15, 16]
