질의 25건 (채점가능 24건), top-20

 1 직원 4명인데 연차 줘야 하나요                     A:  -  B:  1  C:  1   ← 근로기준법 제60조
 2 알바 3명인데 야근수당 1.5배 줘야 돼요?              A:  -  B:  -  C:  -   ← 근로기준법 제56조
 3 직원 두 명인데 그만두라고 해도 되나요                 A:  -  B:  -  C:  -   ← 근로기준법 제23조
 4 우리 가게 몇 명부터 근로기준법 다 적용돼요              A:  -  B:  1  C:  -   ← 근로기준법 제11조
 5 소규모 사업장도 주 52시간 지켜야 하나요               A:  -  B:  -  C:  -   ← 근로기준법 제50조
 6 알바한테 주휴수당 안 줘도 되나요                    A:  -  B: 10  C:  1   ← 근로기준법 제55조
 7 시급 얼마 밑으로 주면 불법이에요                    A:  -  B:  -  C:  1   ← 최저임금법 제6조
 8 알바 쓸 때 계약서 꼭 써야 하나요                   A:  -  B:  1  C:  -   ← 근로기준법 제17조
 9 알바 자르려면 며칠 전에 말해야 해요                  A:  -  B:  -  C:  -   ← 근로기준법 제26조
10 월급을 현금으로 줘도 되나요                       A:  -  B:  4  C:  1   ← 근로기준법 제43조
11 8시간 일하면 쉬는시간 줘야 하나요                   A:  -  B:  1  C:  1   ← 근로기준법 제54조
12 1년 일한 알바 퇴직금 줘야 하나요                   A:  -  B:  1  C:  1   ← 근로자퇴직급여 보장법 제4조
13 알바비 늦게 줘도 되나요                         A:  -  B:  -  C:  -   ← 근로기준법 제43조
14 그만둔 알바 월급 언제까지 줘야 해요                  A:  -  B:  -  C:  1   ← 근로기준법 제36조
15 지각하면 월급에서 까도 되나요                      A:  -  B:  -  C:  -   ← 근로기준법 제20조
16 그릇 깨면 알바비에서 빼도 되나요                    A:  -  B:  -  C:  -   ← 근로기준법 제20조
17 고등학생 알바 써도 되나요                        A:  -  B:  -  C:  -   ← 근로기준법 제64조
18 미성년자 알바 밤 10시 넘어서 일 시켜도 되나요           A:  -  B:  1  C:  -   ← 근로기준법 제70조
19 알바생 명단 따로 적어놔야 하나요                    A:  -  B:  2  C:  1   ← 근로기준법 제41조
20 급여 기록 얼마나 보관해야 해요                     A:  -  B:  -  C:  -   ← 근로기준법 제42조
21 알바가 노동청에 신고하면 어떻게 되나요                 A:  -  B:  -  C:  -   ← 근로기준법 제104조
22 직장 내 괴롭힘 신고당했는데 어떻게 해야 하나요            A:  -  B:  1  C:  1   ← 근로기준법 제76조의3
23 임신한 직원 야간근무 시켜도 되나요                   A:  -  B:  2  C:  1   ← 근로기준법 제70조
24 알바가 다쳤는데 산재 처리해야 하나요                  A:  -  B:  -  C:  -   ← 산업재해보상보험법 제6조

A law&search=2 (법령단위)      hit@1    0%  hit@5    0%  hit@20    0%
B aiSearch (조문단위)          hit@1   29%  hit@5   42%  hit@20   46%
C dlytrm 3단연계 (조문단위)       hit@1   42%  hit@5   42%  hit@20   42%

전 경로 실패 11건: [2, 3, 5, 9, 13, 15, 16, 17, 20, 21, 24]  ← phrase_map 시드 / 임베딩 평가셋
